== PRE-FLIGHT RELEASE ==
fecha: 2026-03-14T14:32:24-03:00
root: /home/sjo1848/dev/impulso-tecnico/jm-soluciones
allow_missing_gallery: 1

== CHECK + BUILD EN CONTENEDOR ==

> app@0.0.1 release:preflight
> npm run check && npm run build


> app@0.0.1 check
> astro check

▶ Astro collects anonymous usage data.
  This information helps us improve Astro.
  Run "astro telemetry disable" to opt-out.
  https://astro.build/telemetry

17:32:33 [content] Syncing content
17:32:33 [content] Synced content
17:32:33 [types] Generated 119ms
17:32:33 [check] Getting diagnostics for Astro files in /app...
Result (27 files): 
- 0 errors
- 0 warnings
- 0 hints


> app@0.0.1 build
> astro build

17:32:50 [content] Syncing content
17:32:50 [content] Synced content
17:32:50 [types] Generated 106ms
17:32:50 [build] output: "static"
17:32:50 [build] mode: "static"
17:32:50 [build] directory: /app/dist/
17:32:50 [build] Collecting build info...
17:32:50 [build] ✓ Completed in 152ms.
17:32:50 [build] Building static entrypoints...
17:32:55 [vite] ✓ built in 4.99s
17:32:55 [build] ✓ Completed in 5.13s.

 building client (vite) 
17:32:55 [vite] transforming...
17:32:55 [vite] ✓ 1 modules transformed.
17:32:55 [vite] rendering chunks...
17:32:55 [vite] ✓ built in 52ms

 generating static routes 
17:32:56 ▶ src/pages/404.astro
17:32:56   └─ /404.html (+25ms) 
17:32:56 ▶ src/pages/servicios/[slug].astro
17:32:56   ├─ /servicios/reparacion-tableros-electricos-mendoza/index.html (+14ms) 
17:32:56   ├─ /servicios/cortocircuitos-urgencias-electricas-mendoza/index.html (+10ms) 
17:32:56   └─ /servicios/instalaciones-electricas-domiciliarias-mendoza/index.html (+6ms) 
17:32:56 ▶ src/pages/index.astro
17:32:56   └─ /index.html (+27ms) 
17:32:56 ✓ Completed in 163ms.

 generating optimized images 
17:32:56   ▶ /_astro/trabajo-01.D5H86VkW_Dy9wp.webp (reused cache entry) (+2ms) (1/14)
17:32:56   ▶ /_astro/trabajo-03.aAfBSxWy_Ob1na.webp (reused cache entry) (+2ms) (2/14)
17:32:56   ▶ /_astro/trabajo-04.CHykiuZT_cbMCd.webp (reused cache entry) (+2ms) (3/14)
17:32:56   ▶ /_astro/trabajo-02.DOIX3d54_Zh91Pj.webp (reused cache entry) (+2ms) (4/14)
17:32:56   ▶ /_astro/trabajo-04.CHykiuZT_1E9IA5.webp (reused cache entry) (+1ms) (5/14)
17:32:56   ▶ /_astro/trabajo-03.aAfBSxWy_KimaB.webp (reused cache entry) (+2ms) (6/14)
17:32:56   ▶ /_astro/trabajo-zip-05.55rTEi17_Z193qws.webp (reused cache entry) (+1ms) (7/14)
17:32:56   ▶ /_astro/trabajo-zip-06.wqP3_ngc_Z1HhRA8.webp (reused cache entry) (+1ms) (8/14)
17:32:56   ▶ /_astro/trabajo-03.aAfBSxWy_Z1trImm.webp (reused cache entry) (+1ms) (9/14)
17:32:56   ▶ /_astro/trabajo-04.CHykiuZT_Z2menbF.webp (reused cache entry) (+2ms) (10/14)
17:32:56   ▶ /_astro/trabajo-03.aAfBSxWy_UhQTw.webp (reused cache entry) (+1ms) (11/14)
17:32:56   ▶ /_astro/trabajo-zip-07.CkOvf916_ZxgzQk.webp (reused cache entry) (+2ms) (12/14)
17:32:56   ▶ /_astro/trabajo-zip-08.DqJBKjmd_5z7Rl.webp (reused cache entry) (+2ms) (13/14)
17:32:56   ▶ /_astro/trabajo-04.CHykiuZT_1EwTAU.webp (reused cache entry) (+1ms) (14/14)
17:32:56 ✓ Completed in 8ms.

17:32:56 [@astrojs/sitemap] `sitemap-index.xml` created at `dist`
17:32:56 [build] 5 page(s) built in 5.59s
17:32:56 [build] Complete!

== INTEGRIDAD DE DIST ==
OK   file site/dist/index.html
OK   file site/dist/robots.txt
OK   file site/dist/sitemap-index.xml
OK   h1_count = 1
OK   h2_count = 9 (>= 5)
OK   wa_link_count = 13 (>= 5)
OK   tel_link_count = 6 (>= 1)
OK   section_servicios
OK   section_proceso
OK   section_especialidades
OK   section_diferenciales
OK   section_cobertura
OK   section_faq
OK   section_testimonios
OK   meta_description
OK   meta_robots
OK   canonical
OK   schema_localbusiness
OK   schema_offercatalog

Integridad de dist: OK

== ESTADO DE GALERIA ==
Directorio de galeria: /home/sjo1848/dev/impulso-tecnico/jm-soluciones/site/src/assets/gallery
OK   trabajo-01.jpg
OK   trabajo-02.jpg
OK   trabajo-03.jpg
OK   trabajo-04.jpg

Galeria completa.

== STAGING NGINX UP ==
#1 [internal] load local bake definitions
#1 reading from stdin 618B done
#1 DONE 0.0s

#2 [internal] load build definition from Dockerfile
#2 transferring dockerfile: 359B done
#2 DONE 0.3s

#3 [internal] load metadata for docker.io/library/nginx:1.27-alpine
#3 ...

#4 [internal] load metadata for docker.io/library/node:20-alpine
#4 DONE 0.6s

#3 [internal] load metadata for docker.io/library/nginx:1.27-alpine
#3 DONE 1.3s

#5 [internal] load .dockerignore
#5 transferring context: 105B 0.0s done
#5 DONE 0.3s

#6 [internal] load build context
#6 DONE 0.0s

#7 [production 1/2] FROM docker.io/library/nginx:1.27-alpine@sha256:65645c7bb6a0661892a8b03b89d0743208a18dd2f3f17a54ef4b76fb8e2f2a10
#7 resolve docker.io/library/nginx:1.27-alpine@sha256:65645c7bb6a0661892a8b03b89d0743208a18dd2f3f17a54ef4b76fb8e2f2a10
#7 resolve docker.io/library/nginx:1.27-alpine@sha256:65645c7bb6a0661892a8b03b89d0743208a18dd2f3f17a54ef4b76fb8e2f2a10 0.9s done
#7 DONE 1.0s

#8 [base 1/4] FROM docker.io/library/node:20-alpine@sha256:09e2b3d9726018aecf269bd35325f46bf75046a643a66d28360ec71132750ec8
#8 resolve docker.io/library/node:20-alpine@sha256:09e2b3d9726018aecf269bd35325f46bf75046a643a66d28360ec71132750ec8 0.9s done
#8 DONE 1.1s

#6 [internal] load build context
#6 transferring context: 4.97kB 0.0s done
#6 DONE 0.3s

#9 [base 3/4] COPY package*.json ./
#9 CACHED

#10 [base 4/4] RUN npm install --no-audit --no-fund
#10 CACHED

#11 [build 1/3] WORKDIR /app
#11 CACHED

#12 [build 2/3] COPY . .
#12 CACHED

#13 [build 3/3] RUN npm run build
#13 CACHED

#14 [base 2/4] WORKDIR /app
#14 CACHED

#15 [production 2/2] COPY --from=build /app/dist /usr/share/nginx/html
#15 CACHED

#16 exporting to image
#16 exporting layers 0.0s done
#16 exporting manifest sha256:e9fc58d8be137a42ac7d05b77c881a1d9a35aea77985839cf36f3a606869b506 0.1s done
#16 exporting config sha256:bb83852387d747487843a6f2cd85c568ba6eb1ed55789048b467f0fb06a5e6a4 0.1s done
#16 exporting attestation manifest sha256:292ec8f904a098d70333215569b957f47b1f627ebee051369f1cf5420064353c
#16 exporting attestation manifest sha256:292ec8f904a098d70333215569b957f47b1f627ebee051369f1cf5420064353c 0.7s done
#16 exporting manifest list sha256:2899d4275df83cadae0c33dfe6668884e58f0135d96a2157fbe096ad93597ab2
#16 exporting manifest list sha256:2899d4275df83cadae0c33dfe6668884e58f0135d96a2157fbe096ad93597ab2 0.4s done
#16 naming to docker.io/library/jm-soluciones-web_staging:latest
#16 naming to docker.io/library/jm-soluciones-web_staging:latest 0.1s done
#16 unpacking to docker.io/library/jm-soluciones-web_staging:latest
#16 unpacking to docker.io/library/jm-soluciones-web_staging:latest 0.2s done
#16 DONE 2.2s

#17 resolving provenance for metadata file
#17 DONE 0.0s
OK   staging root listo (HTTP 200) intento 2/30

== HTTP HEAD STAGING / ==
HTTP/1.1 200 OK
Server: nginx/1.27.5
Date: Sat, 14 Mar 2026 17:33:13 GMT
Content-Type: text/html
Content-Length: 121461
Last-Modified: Sat, 14 Mar 2026 17:31:51 GMT
Connection: keep-alive
ETag: "69b59b87-1da75"
Accept-Ranges: bytes


== HTTP HEAD STAGING /robots.txt ==
HTTP/1.1 200 OK
Server: nginx/1.27.5
Date: Sat, 14 Mar 2026 17:33:13 GMT
Content-Type: text/plain
Content-Length: 52
Last-Modified: Sat, 14 Mar 2026 17:31:50 GMT
Connection: keep-alive
ETag: "69b59b86-34"
Accept-Ranges: bytes


== HTTP HEAD STAGING /sitemap-index.xml ==
HTTP/1.1 200 OK
Server: nginx/1.27.5
Date: Sat, 14 Mar 2026 17:33:13 GMT
Content-Type: text/xml
Content-Length: 184
Last-Modified: Sat, 14 Mar 2026 17:31:56 GMT
Connection: keep-alive
ETag: "69b59b8c-b8"
Accept-Ranges: bytes


== SMOKE HTTP STAGING ==
Base URL: http://localhost:8088
OK   status_root = 200
OK   status_robots = 200
OK   status_sitemap = 200
OK   h1_count = 1
OK   wa_link_count = 13 (>= 5)
OK   tel_link_count = 6 (>= 1)
OK   section_servicios
OK   section_proceso
OK   section_especialidades
OK   section_diferenciales
OK   section_cobertura
OK   section_faq
OK   section_testimonios
OK   meta_description
OK   schema_localbusiness

Smoke HTTP check: OK

== STAGING DOWN ==

resultado: OK
