== PRE-FLIGHT RELEASE ==
fecha: 2026-03-14T14:30:29-03:00
root: /home/sjo1848/dev/impulso-tecnico/jm-soluciones
allow_missing_gallery: 1

== CHECK + BUILD EN CONTENEDOR ==

> app@0.0.1 release:preflight
> npm run check && npm run build


> app@0.0.1 check
> astro check

▶ Astro collects anonymous usage data.
  This information helps us improve Astro.
  Run "astro telemetry disable" to opt-out.
  https://astro.build/telemetry

17:30:39 [content] Syncing content
17:30:39 [content] Synced content
17:30:39 [types] Generated 104ms
17:30:39 [check] Getting diagnostics for Astro files in /app...
Result (27 files): 
- 0 errors
- 0 warnings
- 0 hints


> app@0.0.1 build
> astro build

17:31:00 [content] Syncing content
17:31:00 [content] Synced content
17:31:00 [types] Generated 197ms
17:31:00 [build] output: "static"
17:31:00 [build] mode: "static"
17:31:00 [build] directory: /app/dist/
17:31:00 [build] Collecting build info...
17:31:00 [build] ✓ Completed in 262ms.
17:31:00 [build] Building static entrypoints...
17:31:08 [vite] ✓ built in 7.78s
17:31:08 [build] ✓ Completed in 7.99s.

 building client (vite) 
17:31:08 [vite] transforming...
17:31:08 [vite] ✓ 1 modules transformed.
17:31:08 [vite] rendering chunks...
17:31:08 [vite] ✓ built in 80ms

 generating static routes 
17:31:08 ▶ src/pages/404.astro
17:31:08   └─ /404.html (+30ms) 
17:31:08 ▶ src/pages/servicios/[slug].astro
17:31:08   ├─ /servicios/reparacion-tableros-electricos-mendoza/index.html (+16ms) 
17:31:08   ├─ /servicios/cortocircuitos-urgencias-electricas-mendoza/index.html (+10ms) 
17:31:08   └─ /servicios/instalaciones-electricas-domiciliarias-mendoza/index.html (+7ms) 
17:31:08 ▶ src/pages/index.astro
17:31:08   └─ /index.html (+27ms) 
17:31:08 ✓ Completed in 180ms.

 generating optimized images 
17:31:08   ▶ /_astro/trabajo-01.D5H86VkW_Dy9wp.webp (reused cache entry) (+3ms) (1/14)
17:31:08   ▶ /_astro/trabajo-04.CHykiuZT_cbMCd.webp (reused cache entry) (+2ms) (2/14)
17:31:08   ▶ /_astro/trabajo-02.DOIX3d54_Zh91Pj.webp (reused cache entry) (+2ms) (3/14)
17:31:08   ▶ /_astro/trabajo-03.aAfBSxWy_Ob1na.webp (reused cache entry) (+3ms) (4/14)
17:31:08   ▶ /_astro/trabajo-03.aAfBSxWy_KimaB.webp (reused cache entry) (+1ms) (5/14)
17:31:08   ▶ /_astro/trabajo-04.CHykiuZT_1E9IA5.webp (reused cache entry) (+1ms) (6/14)
17:31:08   ▶ /_astro/trabajo-zip-06.wqP3_ngc_Z1HhRA8.webp (reused cache entry) (+1ms) (7/14)
17:31:08   ▶ /_astro/trabajo-zip-05.55rTEi17_Z193qws.webp (reused cache entry) (+1ms) (8/14)
17:31:08   ▶ /_astro/trabajo-03.aAfBSxWy_Z1trImm.webp (reused cache entry) (+1ms) (9/14)
17:31:08   ▶ /_astro/trabajo-04.CHykiuZT_Z2menbF.webp (reused cache entry) (+1ms) (10/14)
17:31:08   ▶ /_astro/trabajo-zip-08.DqJBKjmd_5z7Rl.webp (reused cache entry) (+1ms) (11/14)
17:31:08   ▶ /_astro/trabajo-04.CHykiuZT_1EwTAU.webp (reused cache entry) (+1ms) (12/14)
17:31:08   ▶ /_astro/trabajo-zip-07.CkOvf916_ZxgzQk.webp (reused cache entry) (+2ms) (13/14)
17:31:08   ▶ /_astro/trabajo-03.aAfBSxWy_UhQTw.webp (reused cache entry) (+1ms) (14/14)
17:31:08 ✓ Completed in 9ms.

17:31:08 [@astrojs/sitemap] `sitemap-index.xml` created at `dist`
17:31:08 [build] 5 page(s) built in 8.61s
17:31:08 [build] Complete!

== INTEGRIDAD DE DIST ==
OK   file site/dist/index.html
OK   file site/dist/robots.txt
OK   file site/dist/sitemap-index.xml
OK   h1_count = 1
OK   h2_count = 9 (>= 5)
OK   wa_link_count = 13 (>= 5)
OK   tel_link_count = 6 (>= 1)
OK   section_servicios
OK   section_proceso
OK   section_especialidades
OK   section_diferenciales
OK   section_cobertura
OK   section_faq
OK   section_testimonios
OK   meta_description
OK   meta_robots
OK   canonical
OK   schema_localbusiness
OK   schema_offercatalog

Integridad de dist: OK

== ESTADO DE GALERIA ==
Directorio de galeria: /home/sjo1848/dev/impulso-tecnico/jm-soluciones/site/src/assets/gallery
OK   trabajo-01.jpg
OK   trabajo-02.jpg
OK   trabajo-03.jpg
OK   trabajo-04.jpg

Galeria completa.

== STAGING NGINX UP ==
#1 [internal] load local bake definitions
#1 reading from stdin 618B 0.0s done
#1 DONE 0.0s

#2 [internal] load build definition from Dockerfile
#2 transferring dockerfile:
#2 transferring dockerfile: 359B 0.1s done
#2 DONE 0.4s

#3 [internal] load metadata for docker.io/library/nginx:1.27-alpine
#3 ...

#4 [internal] load metadata for docker.io/library/node:20-alpine
#4 DONE 0.9s

#3 [internal] load metadata for docker.io/library/nginx:1.27-alpine
#3 DONE 2.6s

#5 [internal] load .dockerignore
#5 transferring context:
#5 transferring context: 105B 0.1s done
#5 DONE 0.5s

#6 [base 1/4] FROM docker.io/library/node:20-alpine@sha256:09e2b3d9726018aecf269bd35325f46bf75046a643a66d28360ec71132750ec8
#6 ...

#7 [internal] load build context
#7 DONE 0.0s

#6 [base 1/4] FROM docker.io/library/node:20-alpine@sha256:09e2b3d9726018aecf269bd35325f46bf75046a643a66d28360ec71132750ec8
#6 resolve docker.io/library/node:20-alpine@sha256:09e2b3d9726018aecf269bd35325f46bf75046a643a66d28360ec71132750ec8
#6 ...

#8 [production 1/2] FROM docker.io/library/nginx:1.27-alpine@sha256:65645c7bb6a0661892a8b03b89d0743208a18dd2f3f17a54ef4b76fb8e2f2a10
#8 resolve docker.io/library/nginx:1.27-alpine@sha256:65645c7bb6a0661892a8b03b89d0743208a18dd2f3f17a54ef4b76fb8e2f2a10 0.9s done
#8 DONE 1.0s

#6 [base 1/4] FROM docker.io/library/node:20-alpine@sha256:09e2b3d9726018aecf269bd35325f46bf75046a643a66d28360ec71132750ec8
#6 resolve docker.io/library/node:20-alpine@sha256:09e2b3d9726018aecf269bd35325f46bf75046a643a66d28360ec71132750ec8 0.9s done
#6 DONE 1.1s

#7 [internal] load build context
#7 transferring context: 559.05kB 0.1s done
#7 DONE 0.4s

#9 [base 2/4] WORKDIR /app
#9 CACHED

#10 [base 3/4] COPY package*.json ./
#10 CACHED

#11 [base 4/4] RUN npm install --no-audit --no-fund
#11 CACHED

#12 [build 1/3] WORKDIR /app
#12 CACHED

#13 [build 2/3] COPY . .
#13 DONE 2.5s

#14 [build 3/3] RUN npm run build
#14 2.886 
#14 2.886 > app@0.0.1 build
#14 2.886 > astro build
#14 2.886 
#14 10.10 ▶ Astro collects anonymous usage data.
#14 10.10   This information helps us improve Astro.
#14 10.10   Run "astro telemetry disable" to opt-out.
#14 10.10   https://astro.build/telemetry
#14 10.10 
#14 18.62 17:31:43 [content] Syncing content
#14 18.64 17:31:43 [content] Synced content
#14 18.64 17:31:43 [types] Generated 1.30s
#14 18.64 17:31:43 [build] output: "static"
#14 18.64 17:31:43 [build] mode: "static"
#14 18.64 17:31:43 [build] directory: /app/dist/
#14 18.64 17:31:43 [build] Collecting build info...
#14 18.64 17:31:43 [build] ✓ Completed in 1.37s.
#14 18.65 17:31:43 [build] Building static entrypoints...
#14 25.45 17:31:50 [vite] ✓ built in 6.65s
#14 25.46 17:31:50 [build] ✓ Completed in 6.81s.
#14 25.46 
#14 25.46  building client (vite) 
#14 25.49 17:31:50 [vite] transforming...
#14 25.51 17:31:50 [vite] ✓ 1 modules transformed.
#14 25.52 17:31:50 [vite] rendering chunks...
#14 25.52 17:31:50 [vite] ✓ built in 51ms
#14 25.54 
#14 25.54  generating static routes 
#14 25.59 17:31:50 ▶ src/pages/404.astro
#14 25.59 17:31:50   └─ /404.html (+42ms) 
#14 25.67 17:31:51 ▶ src/pages/servicios/[slug].astro
#14 25.67 17:31:51   ├─ /servicios/reparacion-tableros-electricos-mendoza/index.html (+25ms) 
#14 25.70 17:31:51   ├─ /servicios/cortocircuitos-urgencias-electricas-mendoza/index.html (+7ms) 
#14 25.70 17:31:51   └─ /servicios/instalaciones-electricas-domiciliarias-mendoza/index.html (+9ms) 
#14 25.72 17:31:51 ▶ src/pages/index.astro
#14 25.73 17:31:51   └─ /index.html (+27ms) 
#14 25.75 17:31:51 ✓ Completed in 221ms.
#14 25.75 
#14 25.75  generating optimized images 
#14 27.12 17:31:52   ▶ /_astro/trabajo-01.D5H86VkW_Dy9wp.webp (before: 143kB, after: 22kB) (+1.36s) (1/14)
#14 27.12 17:31:52   ▶ /_astro/trabajo-02.DOIX3d54_Zh91Pj.webp (before: 138kB, after: 20kB) (+1.37s) (2/14)
#14 27.24 17:31:52   ▶ /_astro/trabajo-03.aAfBSxWy_Ob1na.webp (before: 114kB, after: 12kB) (+1.48s) (3/14)
#14 27.92 17:31:53   ▶ /_astro/trabajo-04.CHykiuZT_cbMCd.webp (before: 140kB, after: 58kB) (+2.17s) (4/14)
#14 27.95 17:31:53   ▶ /_astro/trabajo-03.aAfBSxWy_KimaB.webp (before: 114kB, after: 16kB) (+707ms) (5/14)
#14 28.32 17:31:53   ▶ /_astro/trabajo-03.aAfBSxWy_Z1trImm.webp (before: 114kB, after: 5kB) (+370ms) (6/14)
#14 28.75 17:31:54   ▶ /_astro/trabajo-zip-05.55rTEi17_Z193qws.webp (before: 235kB, after: 138kB) (+1.63s) (7/14)
#14 28.82 17:31:54   ▶ /_astro/trabajo-03.aAfBSxWy_UhQTw.webp (before: 114kB, after: 8kB) (+501ms) (8/14)
#14 29.00 17:31:54   ▶ /_astro/trabajo-zip-06.wqP3_ngc_Z1HhRA8.webp (before: 238kB, after: 143kB) (+1.88s) (9/14)
#14 30.07 17:31:55   ▶ /_astro/trabajo-zip-07.CkOvf916_ZxgzQk.webp (before: 164kB, after: 67kB) (+1.32s) (10/14)
#14 30.34 17:31:55   ▶ /_astro/trabajo-zip-08.DqJBKjmd_5z7Rl.webp (before: 274kB, after: 162kB) (+1.52s) (11/14)
#14 30.44 17:31:55   ▶ /_astro/trabajo-04.CHykiuZT_1E9IA5.webp (before: 140kB, after: 88kB) (+2.52s) (12/14)
#14 30.86 17:31:56   ▶ /_astro/trabajo-04.CHykiuZT_Z2menbF.webp (before: 140kB, after: 26kB) (+419ms) (13/14)
#14 31.17 17:31:56   ▶ /_astro/trabajo-04.CHykiuZT_1EwTAU.webp (before: 140kB, after: 32kB) (+313ms) (14/14)
#14 31.18 17:31:56 ✓ Completed in 5.42s.
#14 31.18 
#14 31.22 17:31:56 [@astrojs/sitemap] `sitemap-index.xml` created at `dist`
#14 31.22 17:31:56 [build] 5 page(s) built in 13.94s
#14 31.22 17:31:56 [build] Complete!
#14 31.32 npm notice
#14 31.32 npm notice New major version of npm available! 10.8.2 -> 11.11.1
#14 31.32 npm notice Changelog: https://github.com/npm/cli/releases/tag/v11.11.1
#14 31.32 npm notice To update run: npm install -g npm@11.11.1
#14 31.32 npm notice
#14 DONE 32.1s

#8 [production 1/2] FROM docker.io/library/nginx:1.27-alpine@sha256:65645c7bb6a0661892a8b03b89d0743208a18dd2f3f17a54ef4b76fb8e2f2a10
#8 CACHED

#15 [production 2/2] COPY --from=build /app/dist /usr/share/nginx/html
#15 DONE 1.9s

#16 exporting to image
#16 exporting layers
#16 exporting layers 3.5s done
#16 exporting manifest sha256:e9fc58d8be137a42ac7d05b77c881a1d9a35aea77985839cf36f3a606869b506
#16 exporting manifest sha256:e9fc58d8be137a42ac7d05b77c881a1d9a35aea77985839cf36f3a606869b506 0.4s done
#16 exporting config sha256:bb83852387d747487843a6f2cd85c568ba6eb1ed55789048b467f0fb06a5e6a4
#16 exporting config sha256:bb83852387d747487843a6f2cd85c568ba6eb1ed55789048b467f0fb06a5e6a4 0.4s done
#16 exporting attestation manifest sha256:cac0247527ec7ee7f8318cff886a8c3348c41c298ff95c7be288fa7a03e473aa
#16 exporting attestation manifest sha256:cac0247527ec7ee7f8318cff886a8c3348c41c298ff95c7be288fa7a03e473aa 0.8s done
#16 exporting manifest list sha256:8c3ddf1ea0279696003905d8c3e97eaff154c30b8b1ab54ab0d351e3e67e8fa8
#16 exporting manifest list sha256:8c3ddf1ea0279696003905d8c3e97eaff154c30b8b1ab54ab0d351e3e67e8fa8 0.5s done
#16 naming to docker.io/library/jm-soluciones-web_staging:latest
#16 naming to docker.io/library/jm-soluciones-web_staging:latest 0.1s done
#16 unpacking to docker.io/library/jm-soluciones-web_staging:latest
#16 unpacking to docker.io/library/jm-soluciones-web_staging:latest 1.0s done
#16 DONE 7.3s

#17 resolving provenance for metadata file
#17 DONE 0.1s
