== PRE-FLIGHT RELEASE ==
fecha: 2026-03-03T20:29:14-03:00
root: /home/sjo1848/dev/impulso-tecnico/jm-soluciones
allow_missing_gallery: 1

== CHECK + BUILD EN CONTENEDOR ==

> app@0.0.1 release:preflight
> npm run check && npm run build


> app@0.0.1 check
> astro check

▶ Astro collects anonymous usage data.
  This information helps us improve Astro.
  Run "astro telemetry disable" to opt-out.
  https://astro.build/telemetry

23:29:23 [content] Syncing content
23:29:23 [content] Synced content
23:29:23 [types] Generated 135ms
23:29:23 [check] Getting diagnostics for Astro files in /app...
Result (27 files): 
- 0 errors
- 0 warnings
- 0 hints


> app@0.0.1 build
> astro build

23:29:38 [content] Syncing content
23:29:38 [content] Synced content
23:29:38 [types] Generated 71ms
23:29:38 [build] output: "static"
23:29:38 [build] mode: "static"
23:29:38 [build] directory: /app/dist/
23:29:38 [build] Collecting build info...
23:29:38 [build] ✓ Completed in 100ms.
23:29:38 [build] Building static entrypoints...
23:29:41 [vite] ✓ built in 3.05s
23:29:41 [build] ✓ Completed in 3.17s.

 building client (vite) 
23:29:41 [vite] transforming...
23:29:41 [vite] ✓ 1 modules transformed.
23:29:41 [vite] rendering chunks...
23:29:41 [vite] ✓ built in 25ms

 generating static routes 
23:29:41 ▶ src/pages/404.astro
23:29:41   └─ /404.html (+17ms) 
23:29:41 ▶ src/pages/servicios/[slug].astro
23:29:41   ├─ /servicios/reparacion-tableros-electricos-mendoza/index.html (+12ms) 
23:29:41   ├─ /servicios/cortocircuitos-urgencias-electricas-mendoza/index.html (+4ms) 
23:29:41   └─ /servicios/instalaciones-electricas-domiciliarias-mendoza/index.html (+5ms) 
23:29:41 ▶ src/pages/index.astro
23:29:41   └─ /index.html (+14ms) 
23:29:41 ✓ Completed in 117ms.

 generating optimized images 
23:29:41   ▶ /_astro/trabajo-01.BzoK0lZ4_Z2f0MSa.webp (reused cache entry) (+2ms) (1/15)
23:29:41   ▶ /_astro/trabajo-04.fexIJ1ti_20jRJT.webp (reused cache entry) (+1ms) (2/15)
23:29:41   ▶ /_astro/trabajo-03.kkIQKFDD_NRTiF.webp (reused cache entry) (+2ms) (3/15)
23:29:41   ▶ /_astro/trabajo-02.SWCI731U_2ltBDE.webp (reused cache entry) (+2ms) (4/15)
23:29:41   ▶ /_astro/trabajo-01.BzoK0lZ4_Z1071zB.webp (reused cache entry) (+1ms) (5/15)
23:29:41   ▶ /_astro/trabajo-04.fexIJ1ti_1FzI03.webp (reused cache entry) (+2ms) (6/15)
23:29:41   ▶ /_astro/trabajo-02.SWCI731U_170C4s.webp (reused cache entry) (+2ms) (7/15)
23:29:41   ▶ /_astro/trabajo-03.kkIQKFDD_Z1sv316.webp (reused cache entry) (+2ms) (8/15)
23:29:41   ▶ /_astro/trabajo-04.fexIJ1ti_13K9gE.webp (reused cache entry) (+1ms) (9/15)
23:29:41   ▶ /_astro/trabajo-03.kkIQKFDD_21vdmX.webp (reused cache entry) (+1ms) (10/15)
23:29:41   ▶ /_astro/trabajo-03.kkIQKFDD_Z1NXnrm.webp (reused cache entry) (+0ms) (11/15)
23:29:41   ▶ /_astro/trabajo-04.fexIJ1ti_1DQxjD.webp (reused cache entry) (+1ms) (12/15)
23:29:41   ▶ /_astro/trabajo-03.kkIQKFDD_Z2aTn66.webp (reused cache entry) (+1ms) (13/15)
23:29:41   ▶ /_astro/trabajo-04.fexIJ1ti_TmnIF.webp (reused cache entry) (+1ms) (14/15)
23:29:41   ▶ /_astro/trabajo-04.fexIJ1ti_2eIzAL.webp (reused cache entry) (+1ms) (15/15)
23:29:41 ✓ Completed in 9ms.

23:29:42 [@astrojs/sitemap] `sitemap-index.xml` created at `dist`
23:29:42 [build] 5 page(s) built in 3.47s
23:29:42 [build] Complete!

== INTEGRIDAD DE DIST ==
OK   file site/dist/index.html
OK   file site/dist/robots.txt
OK   file site/dist/sitemap-index.xml
OK   h1_count = 1
OK   h2_count = 9 (>= 5)
OK   wa_link_count = 14 (>= 5)
OK   tel_link_count = 6 (>= 1)
OK   section_servicios
OK   section_proceso
OK   section_especialidades
OK   section_diferenciales
OK   section_cobertura
OK   section_faq
OK   section_testimonios
OK   meta_description
OK   meta_robots
OK   canonical
OK   schema_localbusiness
OK   schema_offercatalog

Integridad de dist: OK

== ESTADO DE GALERIA ==
Directorio de galeria: /home/sjo1848/dev/impulso-tecnico/jm-soluciones/site/src/assets/gallery
OK   trabajo-01.jpg
OK   trabajo-02.jpg
OK   trabajo-03.jpg
OK   trabajo-04.jpg

Galeria completa.

== STAGING NGINX UP ==
#1 [internal] load local bake definitions
#1 reading from stdin 618B done
#1 DONE 0.0s

#2 [internal] load build definition from Dockerfile
#2 transferring dockerfile: 359B 0.0s done
#2 DONE 0.2s

#3 [internal] load metadata for docker.io/library/node:20-alpine
#3 DONE 0.5s

#4 [internal] load metadata for docker.io/library/nginx:1.27-alpine
#4 DONE 2.0s

#5 [internal] load .dockerignore
#5 transferring context: 105B 0.0s done
#5 DONE 0.2s

#6 [production 1/2] FROM docker.io/library/nginx:1.27-alpine@sha256:65645c7bb6a0661892a8b03b89d0743208a18dd2f3f17a54ef4b76fb8e2f2a10
#6 ...

#7 [internal] load build context
#7 DONE 0.0s

#6 [production 1/2] FROM docker.io/library/nginx:1.27-alpine@sha256:65645c7bb6a0661892a8b03b89d0743208a18dd2f3f17a54ef4b76fb8e2f2a10
#6 resolve docker.io/library/nginx:1.27-alpine@sha256:65645c7bb6a0661892a8b03b89d0743208a18dd2f3f17a54ef4b76fb8e2f2a10
#6 resolve docker.io/library/nginx:1.27-alpine@sha256:65645c7bb6a0661892a8b03b89d0743208a18dd2f3f17a54ef4b76fb8e2f2a10 0.9s done
#6 DONE 1.0s

#8 [base 1/4] FROM docker.io/library/node:20-alpine@sha256:09e2b3d9726018aecf269bd35325f46bf75046a643a66d28360ec71132750ec8
#8 resolve docker.io/library/node:20-alpine@sha256:09e2b3d9726018aecf269bd35325f46bf75046a643a66d28360ec71132750ec8 0.8s done
#8 DONE 0.9s

#7 [internal] load build context
#7 transferring context: 5.79MB 0.1s done
#7 DONE 0.3s

#9 [base 3/4] COPY package*.json ./
#9 CACHED

#10 [base 4/4] RUN npm install --no-audit --no-fund
#10 CACHED

#11 [base 2/4] WORKDIR /app
#11 CACHED

#12 [build 1/3] WORKDIR /app
#12 CACHED

#13 [build 2/3] COPY . .
#13 DONE 1.7s

#14 [build 3/3] RUN npm run build
#14 2.411 
#14 2.411 > app@0.0.1 build
#14 2.411 > astro build
#14 2.411 
#14 6.391 ▶ Astro collects anonymous usage data.
#14 6.391   This information helps us improve Astro.
#14 6.391   Run "astro telemetry disable" to opt-out.
#14 6.391   https://astro.build/telemetry
#14 6.391 
#14 13.58 23:30:03 [content] Syncing content
#14 13.59 23:30:03 [content] Synced content
#14 13.59 23:30:03 [types] Generated 1.00s
#14 13.59 23:30:03 [build] output: "static"
#14 13.59 23:30:03 [build] mode: "static"
#14 13.59 23:30:03 [build] directory: /app/dist/
#14 13.59 23:30:03 [build] Collecting build info...
#14 13.60 23:30:03 [build] ✓ Completed in 1.06s.
#14 13.60 23:30:03 [build] Building static entrypoints...
#14 17.71 23:30:07 [vite] ✓ built in 3.98s
#14 17.71 23:30:07 [build] ✓ Completed in 4.11s.
#14 17.71 
#14 17.71  building client (vite) 
#14 17.73 23:30:07 [vite] transforming...
#14 17.74 23:30:07 [vite] ✓ 1 modules transformed.
#14 17.75 23:30:07 [vite] rendering chunks...
#14 17.75 23:30:07 [vite] ✓ built in 33ms
#14 17.76 
#14 17.76  generating static routes 
#14 17.82 23:30:08 ▶ src/pages/404.astro
#14 17.82 23:30:08   └─ /404.html (+22ms) 
#14 17.89 23:30:08 ▶ src/pages/servicios/[slug].astro
#14 17.90 23:30:08   ├─ /servicios/reparacion-tableros-electricos-mendoza/index.html (+40ms) 
#14 17.94 23:30:08   ├─ /servicios/cortocircuitos-urgencias-electricas-mendoza/index.html (+12ms) 
#14 17.95 23:30:08   └─ /servicios/instalaciones-electricas-domiciliarias-mendoza/index.html (+8ms) 
#14 17.97 23:30:08 ▶ src/pages/index.astro
#14 17.97 23:30:08   └─ /index.html (+18ms) 
#14 17.99 23:30:08 ✓ Completed in 231ms.
#14 17.99 
#14 17.99  generating optimized images 
#14 18.94 23:30:09   ▶ /_astro/trabajo-04.fexIJ1ti_20jRJT.webp (before: 309kB, after: 58kB) (+949ms) (1/15)
#14 19.27 23:30:09   ▶ /_astro/trabajo-03.kkIQKFDD_NRTiF.webp (before: 345kB, after: 205kB) (+1.29s) (2/15)
#14 19.44 23:30:09   ▶ /_astro/trabajo-01.BzoK0lZ4_Z2f0MSa.webp (before: 201kB, after: 140kB) (+1.45s) (3/15)
#14 19.49 23:30:09   ▶ /_astro/trabajo-04.fexIJ1ti_1FzI03.webp (before: 309kB, after: 180kB) (+556ms) (4/15)
#14 19.52 23:30:09   ▶ /_astro/trabajo-03.kkIQKFDD_Z1sv316.webp (before: 345kB, after: 65kB) (+249ms) (5/15)
#14 19.66 23:30:09   ▶ /_astro/trabajo-02.SWCI731U_2ltBDE.webp (before: 381kB, after: 350kB) (+1.67s) (6/15)
#14 19.75 23:30:09   ▶ /_astro/trabajo-01.BzoK0lZ4_Z1071zB.webp (before: 201kB, after: 59kB) (+312ms) (7/15)
#14 19.93 23:30:10   ▶ /_astro/trabajo-02.SWCI731U_170C4s.webp (before: 381kB, after: 120kB) (+267ms) (8/15)
#14 20.26 23:30:10   ▶ /_astro/trabajo-04.fexIJ1ti_13K9gE.webp (before: 309kB, after: 270kB) (+766ms) (9/15)
#14 20.27 23:30:10   ▶ /_astro/trabajo-03.kkIQKFDD_21vdmX.webp (before: 345kB, after: 285kB) (+750ms) (10/15)
#14 20.43 23:30:10   ▶ /_astro/trabajo-04.fexIJ1ti_1DQxjD.webp (before: 309kB, after: 65kB) (+168ms) (11/15)
#14 20.45 23:30:10   ▶ /_astro/trabajo-03.kkIQKFDD_Z1NXnrm.webp (before: 345kB, after: 72kB) (+179ms) (12/15)
#14 20.68 23:30:10   ▶ /_astro/trabajo-04.fexIJ1ti_TmnIF.webp (before: 309kB, after: 127kB) (+251ms) (13/15)
#14 20.70 23:30:10   ▶ /_astro/trabajo-03.kkIQKFDD_Z2aTn66.webp (before: 345kB, after: 129kB) (+243ms) (14/15)
#14 21.04 23:30:11   ▶ /_astro/trabajo-04.fexIJ1ti_2eIzAL.webp (before: 309kB, after: 197kB) (+367ms) (15/15)
#14 21.05 23:30:11 ✓ Completed in 3.06s.
#14 21.05 
#14 21.06 23:30:11 [@astrojs/sitemap] `sitemap-index.xml` created at `dist`
#14 21.06 23:30:11 [build] 5 page(s) built in 8.53s
#14 21.06 23:30:11 [build] Complete!
#14 DONE 22.6s

#6 [production 1/2] FROM docker.io/library/nginx:1.27-alpine@sha256:65645c7bb6a0661892a8b03b89d0743208a18dd2f3f17a54ef4b76fb8e2f2a10
#6 CACHED

#15 [production 2/2] COPY --from=build /app/dist /usr/share/nginx/html
#15 DONE 1.5s

#16 exporting to image
#16 exporting layers
#16 exporting layers 2.2s done
#16 exporting manifest sha256:16e4392382c4d535a4ca46027cd3dbd6c8504e447de707931d16cbdf5e8079fb
#16 exporting manifest sha256:16e4392382c4d535a4ca46027cd3dbd6c8504e447de707931d16cbdf5e8079fb 0.3s done
#16 exporting config sha256:7341c701a46cb2230e1ff2558939af091ebe77da143569daaabfc09019ce9400
#16 exporting config sha256:7341c701a46cb2230e1ff2558939af091ebe77da143569daaabfc09019ce9400 0.3s done
#16 exporting attestation manifest sha256:297815566753eafc0709f8cc58254d462751c2da40cc4b51ddfd4f519c4fa066
#16 exporting attestation manifest sha256:297815566753eafc0709f8cc58254d462751c2da40cc4b51ddfd4f519c4fa066 0.6s done
#16 exporting manifest list sha256:bc98df9f989b19da1df12fafebcd9ae848f897f3acfdd7beafc3be541dd2aab3
#16 exporting manifest list sha256:bc98df9f989b19da1df12fafebcd9ae848f897f3acfdd7beafc3be541dd2aab3 0.3s done
#16 naming to docker.io/library/jm-soluciones-web_staging:latest
#16 naming to docker.io/library/jm-soluciones-web_staging:latest 0.2s done
#16 unpacking to docker.io/library/jm-soluciones-web_staging:latest
#16 unpacking to docker.io/library/jm-soluciones-web_staging:latest 0.5s done
#16 DONE 5.0s

#17 resolving provenance for metadata file
#17 DONE 0.1s
OK   staging root listo (HTTP 200) intento 3/30

== HTTP HEAD STAGING / ==
HTTP/1.1 200 OK
Server: nginx/1.27.5
Date: Tue, 03 Mar 2026 23:30:28 GMT
Content-Type: text/html
Content-Length: 91232
Last-Modified: Tue, 03 Mar 2026 23:30:08 GMT
Connection: keep-alive
ETag: "69a76f00-16460"
Accept-Ranges: bytes


== HTTP HEAD STAGING /robots.txt ==
HTTP/1.1 200 OK
Server: nginx/1.27.5
Date: Tue, 03 Mar 2026 23:30:28 GMT
Content-Type: text/plain
Content-Length: 52
Last-Modified: Tue, 03 Mar 2026 23:30:07 GMT
Connection: keep-alive
ETag: "69a76eff-34"
Accept-Ranges: bytes


== HTTP HEAD STAGING /sitemap-index.xml ==
HTTP/1.1 200 OK
Server: nginx/1.27.5
Date: Tue, 03 Mar 2026 23:30:28 GMT
Content-Type: text/xml
Content-Length: 195
Last-Modified: Tue, 03 Mar 2026 23:30:11 GMT
Connection: keep-alive
ETag: "69a76f03-c3"
Accept-Ranges: bytes


== SMOKE HTTP STAGING ==
Base URL: http://localhost:8088
OK   status_root = 200
OK   status_robots = 200
OK   status_sitemap = 200
OK   h1_count = 1
OK   wa_link_count = 14 (>= 5)
OK   tel_link_count = 6 (>= 1)
OK   section_servicios
OK   section_proceso
OK   section_especialidades
OK   section_diferenciales
OK   section_cobertura
OK   section_faq
OK   section_testimonios
OK   meta_description
OK   schema_localbusiness

Smoke HTTP check: OK

== STAGING DOWN ==

resultado: OK
